2026-07-25 09:32:59,278 [INFO] krs_watcher.main: Memantau 2 kelas target: [('INF1843', 'A2'), ('INF1943', 'A3')]
2026-07-25 09:33:00,499 [INFO] krs_watcher.portal: Login berhasil. dashboard_url=http://portal.unimal.ac.id/index.php?pModule=ydKhmA==&pSub=ydKhmA==&pAct=18yZqg==
2026-07-25 09:33:00,822 [INFO] krs_watcher.portal: course_list_url (sesi ini): http://portal.unimal.ac.id/index.php?pModule=0dWjo6almcqQmdGapaeW1w==&pSub=0dWjo6almcqQmdGapaeW15islaGXqtXHqQ==&pAct=18yZqg==
2026-07-25 09:33:03,842 [INFO] krs_watcher.main: Kuota INF1843 A2 = 0 (belum ada)
2026-07-25 09:33:03,842 [INFO] krs_watcher.main: Kuota INF1943 A3 = -1 (belum ada)
2026-07-25 09:33:03,842 [INFO] krs_watcher.main: Menunggu 53.4 detik sebelum polling berikutnya...
2026-07-25 09:33:58,428 [INFO] krs_watcher.main: Kuota INF1843 A2 = 0 (belum ada)
2026-07-25 09:33:58,429 [INFO] krs_watcher.main: Kuota INF1943 A3 = -1 (belum ada)
2026-07-25 09:33:58,429 [INFO] krs_watcher.main: Menunggu 39.9 detik sebelum polling berikutnya...
2026-07-25 09:34:08,997 [INFO] krs_watcher.main: Dihentikan oleh user (Ctrl+C). Sampai jumpa!
2026-07-25 09:34:23,726 [INFO] krs_watcher.main: Memantau 2 kelas target: [('INF1843', 'A7'), ('INF1943', 'A1')]
2026-07-25 09:34:24,465 [INFO] krs_watcher.portal: Login berhasil. dashboard_url=http://portal.unimal.ac.id/index.php?pModule=ydKhmA==&pSub=ydKhmA==&pAct=18yZqg==
2026-07-25 09:34:24,764 [INFO] krs_watcher.portal: course_list_url (sesi ini): http://portal.unimal.ac.id/index.php?pModule=0dWjo6almcqQmdGapaeW1w==&pSub=0dWjo6almcqQmdGapaeW15islaGXqtXHqQ==&pAct=18yZqg==
2026-07-25 09:34:27,336 [INFO] krs_watcher.main: Kuota tersedia: INF1843 A7 = 1 -> kirim notif
2026-07-25 09:34:28,769 [INFO] krs_watcher.main: Kuota tersedia: INF1943 A1 = 6 -> kirim notif
2026-07-25 09:34:31,021 [INFO] krs_watcher.main: Menunggu 34.8 detik sebelum polling berikutnya...
2026-07-25 09:35:06,688 [INFO] krs_watcher.main: Kuota tersedia: INF1843 A7 = 1 (masih dalam jeda reminder, skip)
2026-07-25 09:35:06,688 [INFO] krs_watcher.main: Kuota tersedia: INF1943 A1 = 6 (masih dalam jeda reminder, skip)
2026-07-25 09:35:06,688 [INFO] krs_watcher.main: Menunggu 39.2 detik sebelum polling berikutnya...
2026-07-25 09:35:46,848 [INFO] krs_watcher.main: Kuota tersedia: INF1843 A7 = 1 (masih dalam jeda reminder, skip)
2026-07-25 09:35:46,848 [INFO] krs_watcher.main: Kuota tersedia: INF1943 A1 = 6 (masih dalam jeda reminder, skip)
2026-07-25 09:35:46,849 [INFO] krs_watcher.main: Menunggu 36.4 detik sebelum polling berikutnya...
2026-07-25 09:36:24,326 [INFO] krs_watcher.main: Kuota tersedia: INF1843 A7 = 1 (masih dalam jeda reminder, skip)
2026-07-25 09:36:24,326 [INFO] krs_watcher.main: Kuota tersedia: INF1943 A1 = 6 (masih dalam jeda reminder, skip)
2026-07-25 09:36:24,326 [INFO] krs_watcher.main: Menunggu 30.8 detik sebelum polling berikutnya...
2026-07-25 09:36:41,875 [INFO] krs_watcher.main: Dihentikan oleh user (Ctrl+C). Sampai jumpa!
2026-07-25 09:45:25,176 [INFO] krs_watcher.main: Memantau 2 kelas target: [('INF1843', 'A7'), ('INF1943', 'A1')]
2026-07-25 09:45:25,969 [INFO] krs_watcher.portal: Login berhasil. dashboard_url=http://portal.unimal.ac.id/index.php?pModule=ydKhmA==&pSub=ydKhmA==&pAct=18yZqg==
2026-07-25 09:45:26,307 [INFO] krs_watcher.portal: course_list_url (sesi ini): http://portal.unimal.ac.id/index.php?pModule=0dWjo6almcqQmdGapaeW1w==&pSub=0dWjo6almcqQmdGapaeW15islaGXqtXHqQ==&pAct=18yZqg==
2026-07-25 09:45:28,568 [INFO] krs_watcher.main: Kuota tersedia: INF1843 A7 = 1 -> kirim notif
2026-07-25 09:45:30,275 [INFO] krs_watcher.main: Kuota tersedia: INF1943 A1 = 6 -> kirim notif
2026-07-25 09:45:35,496 [INFO] krs_watcher.main: Menunggu 36.5 detik...
2026-07-25 09:45:48,805 [INFO] krs_watcher.main: Dihentikan oleh user.
